✔ F-1 耦合锁：AGENT_DEFAULTS/常量/scheduler 回退三键 4/4/4（默认全链路真实） (1.3344ms)
✔ F-1 无配置 → loadAgentSettings 回退三键默认 4/4/4 (0.777ms)
✔ F-2 读取器：合法覆盖生效 / 非法与缺省回退 4 (0.1959ms)
✔ F-2 判定点：容量拒发读生效上限——缺省 4（4 running + 第 5 拒——文案报 4） (0.47ms)
✔ F-2 判定点：配置覆盖后按生效上限拒（advisor=1——第 2 个拒——文案报 1） (0.1759ms)
✔ F-5 同 scope 守卫：_advisorRuns running 记录同 scope 拒——scope 语义文案 (0.4533ms)
✔ F-4 白名单：panel 写面三键——非法键丢弃——全非法删整键（saveAgentSettingsFromPanel 直写盘——断言落盘结果） (3.5177ms)
✔ F-4 落盘：面板三键 → 磁盘读回 + 生效读取（saveAgentSettingsFromPanel 自持落盘） (1.0517ms)
✔ 面板显示面② webview 面：无配置 → 三数字框显 4/4/4（ag-pool-advisor 第三框存在） (8.6135ms)
✔ 面板显示面② webview 面：部分配置（旧 2 键对象）→ advisor 框逐键回退显 4 (0.4544ms)
✔ 面板显示面② webview 面：三键自定义 → 三框如实显示 2/3/6 (0.3194ms)
✔ 面板显示面① extension 面：无配置 → agentSettings() 快照 poolLimits 三键 4/4/4（回退显 4） (8.85ms)
✔ 面板显示面：locales — poolAdvisor/poolAdvisorHelp 双语文案存在（en/zh 对称） (0.7997ms)
ℹ tests 13
ℹ suites 0
ℹ pass 13
ℹ fail 0
ℹ cancelled 0
ℹ skipped 0
ℹ todo 0
ℹ duration_ms 927.5475
