✔ T-V1 passed → 放行 (57.332ms)
✔ T-V2 failed → 打回 (_verifyPassed=false) (53.0183ms)
✔ T-V3 skipped + reason → 放行 (51.4909ms)
✔ T-V4 skipped without reason → 打回 (空跳过不允许) (101.3501ms)
✔ T-V5 doc-only change → 快路径跳过 (放行) (51.0153ms)
✔ T-V6 打回消息含改动文件 + 引导 AGENTS.md (48.0516ms)
✔ guard: missing declaration → 打回 (51.8376ms)
✔ guard: invalid status → 打回 (49.596ms)
✔ guard: explicit failed on a doc-only change is still respected (48.86ms)
✔ T-V8 doc-only 改动 + 显式 failed → 打回（双端同，G10） (52.0028ms)
✔ T-V11b G11: rejection report surfaces the node --check syntax hint on changed .js (116.7551ms)
✔ T-V10 prompts 验声明参数名驻留（G5-G9）——旧 verify 语义负向锚已裁（扫①） (0.7653ms)
✔ T-V11 goal 门禁：mutated 未 verify → 拦截（G13） (1.1417ms)
ℹ tests 13
ℹ suites 0
ℹ pass 13
ℹ fail 0
ℹ cancelled 0
ℹ skipped 0
ℹ todo 0
ℹ duration_ms 778.6467
