✔ 出生：pool started 消息建块 append #messages 流尾——label 去 sub: 前缀（AC-2） (24.8223ms)
✔ 内容：chunk appendAdvisorChunk 进块（tool/text 行） (3.2433ms)
✔ 终态折叠：done 原地折叠——无 DOM move——class 换 + open=false + ⏹ 移除（AC-3） (17.7309ms)
✔ settled 视同 done：即时折叠（无 awaiting 驻留） (1.553ms)
✔ queued 三分支（AC-4）：建 ⏳ 头 + 取消 ⏹ → started 翻转 running → 取消移除 (1.2673ms)
✔ 迟来丢弃：终态后 chunk/ensureBlock 返 null——不复活不重建 (2.488ms)
✔ 多并行：两 spawn 两独立块——互不干扰各自终态 (2.6657ms)
✔ 会话清：resetActivity 移除 .sub-live + 清 map——frozen 不动 (5.8689ms)
✔ 150 裁（冻结）：冻结块随窗裁——map 终态守卫仍丢迟来消息 (7.817ms)
✔ 150 裁（live 运行中）：live 块出生即计窗——被裁 → tombstone 守卫——后续消息一律丢弃 (7.8804ms)
✔ error：error 消息终态折叠 + error 头词 (1.4998ms)
✔ answered（有块）折叠 / （无块）no-op (0.8552ms)
✔ 重复 started：同频道二次 started 覆盖式刷新头词——不重挂 (0.6256ms)
✔ suspension 退出兜底：freezeLiveBlocks 折叠残余 live 块（settled 已即时折叠后仅剩 live） (1.3421ms)
✔ T-V6 队列：未就绪期零直投全入队——就绪按序 flush 3 条 + 其后落再断言 + ev:subdeliver 计数 (35.7706ms)
✔ T-V6b 存活投影载荷：双池 running/queued 全带 role/id——running 带 pool:true + startedAt (0.3842ms)
✔ T-V7 溢出与清队：超上界丢最旧 + ev:subdeliver 记丢弃计数；view dispose 关闸清队 (50.0662ms)
✔ T-V3 清屏后再断言（主侧定序）：clearMessages → historyPage → 再断言——排在两者之后（期望位置=流尾） (1.3221ms)
✔ T-V1 双 spawn 背靠背出生（22:32 基例——AC-A1）：两条不同 id started → 2 live 块 + 各挂 ⏹ (15.8937ms)
✔ T-V2 重名新代接管（AC-A2）：冻结 #4 在场 → 新 started #4 建新块接管键 + takeover 痕迹 + 旧块留流内冻结 (2.6711ms)
✔ T-V3 清屏恢复（AC-A4）：clearMessages+historyPage 之后再断言 → 重建块 pool:true + ⏹ 在 + 位置=流尾 (2.5354ms)
✔ T-V4 终态补桩（AC-A3）：never-born done/error/运行中 cancelled/terminated/failed → 补已折叠桩 + 头词 + 痕迹 (2.871ms)
✔ T-V5 补桩边界（AC-A3 不补行）：role 未知/id 缺失/非法频道/answered 无块/queued-cancel 无块 → 一律 no-op (0.8898ms)
✔ AC-A6/A7 机检：postPoolSnapshot/SNAPSHOT_ROLES 零命中（REMOVE 面不复活）+ 本档登记 + ev:subdeliver 调用点在位 (2.183ms)
ℹ tests 24
ℹ suites 0
ℹ pass 24
ℹ fail 0
ℹ cancelled 0
ℹ skipped 0
ℹ todo 0
ℹ duration_ms 7237.4802
